
> prohub-ui@0.0.0 build
> ng build

node.exe : Node.js version v25.1.0 detected.
At line:1 char:1
+ & "C:\Program Files\nodejs/node.exe" "C:\Users\pdivakaran\AppData\Roa ...
+ ~~~~~~~~~~~~~~~~~~~~~~~~~~~~~~~~~~~~~~~~~~~~~~~~~~~~~~~~~~~~~~~~~~~~~
    + CategoryInfo          : NotSpecified: (Node.js version v25.1.0 detected.:String) [], R 
   emoteException
    + FullyQualifiedErrorId : NativeCommandError
 
Odd numbered Node.js versions will not enter LTS status and should not be used for 
production. For more information, please see https://nodejs.org/en/about/previous-releases/.
[33mΓ¥»[39m Building...
User ID not found in storage
(node:17944) [DEP0169] DeprecationWarning: `url.parse()` behavior is not standardized and 
prone to errors that have security implications. Use the WHATWG URL API instead. CVEs are 
not issued for `url.parse()` vulnerabilities.
(Use `node --trace-deprecation ...` to show where the warning was created)
Error fetching categories: vo {
  headers: e {
    headers: Map(0) {},
    normalizedNames: Map(0) {},
    lazyInit: undefined,
    lazyUpdate: null
  },
  status: 0,
  statusText: 'Unknown Error',
  url: 'https://localhost:7042/api/serviceCategories',
  ok: false,
  type: undefined,
  redirected: undefined,
  name: 'HttpErrorResponse',
  message: 'Http failure response for https://localhost:7042/api/serviceCategories: 0 
Unknown Error',
  error: r {
    type: 'error',
    target: r {
      onloadstart: null,
      onprogress: null,
      onabort: null,
      onerror: null,
      onload: null,
      ontimeout: null,
      onloadend: null,
      _listeners: [Object],
      onreadystatechange: null,
      _anonymous: undefined,
      readyState: 4,
      response: null,
      responseText: '',
      responseType: 'text',
      responseURL: '',
      status: 0,
      statusText: '',
      timeout: 0,
      upload: [b],
      _method: 'GET',
      _url: [Url],
      _sync: false,
      _headers: [Object],
      _loweredHeaders: [Object],
      _mimeOverride: null,
      _request: null,
      _response: null,
      _responseParts: null,
      _responseHeaders: null,
      _aborting: null,
      _error: null,
      _loadedBytes: 0,
      _totalBytes: 0,
      _lengthComputable: false
    },
    currentTarget: r {
      onloadstart: null,
      onprogress: null,
      onabort: null,
      onerror: null,
      onload: null,
      ontimeout: null,
      onloadend: null,
      _listeners: [Object],
      onreadystatechange: null,
      _anonymous: undefined,
      readyState: 4,
      response: null,
      responseText: '',
      responseType: 'text',
      responseURL: '',
      status: 0,
      statusText: '',
      timeout: 0,
      upload: [b],
      _method: 'GET',
      _url: [Url],
      _sync: false,
      _headers: [Object],
      _loweredHeaders: [Object],
      _mimeOverride: null,
      _request: null,
      _response: null,
      _responseParts: null,
      _responseHeaders: null,
      _aborting: null,
      _error: null,
      _loadedBytes: 0,
      _totalBytes: 0,
      _lengthComputable: false
    },
    lengthComputable: false,
    loaded: 0,
    total: 0
  }
}
[32mΓ£ö[39m Building...
[35mBrowser bundles[39m     
[1mInitial chunk files[22m [2m | [22m[1mNames[22m              [2m | [22m [1mRaw size[22m[2m | [22m[1mEstimated transfer size[22m
[32mchunk-52GPU3ML.js[39m   [2m | [22m[2m-[22m                  [2m | [22m[36m319.74 kB[39m[2m | [22m               [36m87.81 kB[39m
[32mmain-FB37OIJD.js[39m    [2m | [22m[2mmain[22m               [2m | [22m[36m114.44 kB[39m[2m | [22m               [36m22.09 kB[39m
[32mstyles-FOYA232R.css[39m [2m | [22m[2mstyles[22m             [2m | [22m[36m104.55 kB[39m[2m | [22m                [36m7.89 kB[39m
[32mchunk-S5PPZRGN.js[39m   [2m | [22m[2m-[22m                  [2m | [22m [36m47.76 kB[39m[2m | [22m                [36m9.47 kB[39m
[32mchunk-G655TNUQ.js[39m   [2m | [22m[2m-[22m                  [2m | [22m [36m45.13 kB[39m[2m | [22m                [36m7.51 kB[39m
[32mchunk-N33JALIQ.js[39m   [2m | [22m[2m-[22m                  [2m | [22m [36m41.57 kB[39m[2m | [22m               [36m11.08 kB[39m
[32mchunk-7KXGHRIL.js[39m   [2m | [22m[2m-[22m                  [2m | [22m  [36m3.00 kB[39m[2m | [22m              [36m753 bytes[39m
[32mchunk-YAJRTDRM.js[39m   [2m | [22m[2m-[22m                  [2m | [22m [36m74 bytes[39m[2m | [22m               [36m74 bytes[39m

[1m [22m                   [2m | [22m[1mInitial total[22m      [2m | [22m[1m[93m676.25 kB[39m[22m[2m | [22m              [1m146.68 kB[22m

[1mLazy chunk files[22m    [2m | [22m[1mNames[22m              [2m | [22m [1mRaw size[22m[2m | [22m[1mEstimated transfer size[22m
[32mchunk-AXI6P5P4.js[39m   [2m | [22m[2mpending-jobs-module[22m[2m | [22m [36m63.49 kB[39m[2m | [22m               [36m11.83 kB[39m
[32mchunk-3FWHJVCA.js[39m   [2m | [22m[2mprofile-module[22m     [2m | [22m [36m29.18 kB[39m[2m | [22m                [36m5.21 kB[39m
[32mchunk-J3EA6MCQ.js[39m   [2m | [22m[2mpost-job-module[22m    [2m | [22m [36m24.26 kB[39m[2m | [22m                [36m5.58 kB[39m
[32mchunk-6KV5XYSN.js[39m   [2m | [22m[2mauth-module[22m        [2m | [22m [36m22.20 kB[39m[2m | [22m                [36m4.05 kB[39m
[32mchunk-YPXOWLIE.js[39m   [2m | [22m[2mservices-module[22m    [2m | [22m [36m16.58 kB[39m[2m | [22m                [36m4.14 kB[39m
[32mchunk-PSF73JJX.js[39m   [2m | [22m[2mcontact-module[22m     [2m | [22m [36m14.31 kB[39m[2m | [22m                [36m3.65 kB[39m
[32mchunk-BWPJ6LAA.js[39m   [2m | [22m[2mabout-module[22m       [2m | [22m [36m11.72 kB[39m[2m | [22m                [36m2.84 kB[39m
[32mchunk-L2SHA4XC.js[39m   [2m | [22m[2mfaq-module[22m         [2m | [22m [36m10.09 kB[39m[2m | [22m                [36m2.94 kB[39m
[32mchunk-W6GVPXYU.js[39m   [2m | [22m[2mhome-module[22m        [2m | [22m  [36m8.15 kB[39m[2m | [22m                [36m2.17 kB[39m
[32mchunk-VCMJJCMZ.js[39m   [2m | [22m[2m-[22m                  [2m | [22m[36m654 bytes[39m[2m | [22m              [36m654 bytes[39m


[35mServer bundles[39m      
[1mInitial chunk files[22m [2m | [22m[1mNames[22m              [2m | [22m [1mRaw size[22m
[32mserver.mjs[39m          [2m | [22m[2mserver[22m             [2m | [22m  [36m1.42 MB[39m[2m | [22m                       
[32mmain.server.mjs[39m     [2m | [22m[2mmain.server[22m        [2m | [22m[36m562.87 kB[39m[2m | [22m                       
[32mchunk-GV7636IN.mjs[39m  [2m | [22m[2m-[22m                  [2m | [22m[36m318.88 kB[39m[2m | [22m                       
[32mchunk-IU3GVSQH.mjs[39m  [2m | [22m[2m-[22m                  [2m | [22m[36m300.57 kB[39m[2m | [22m                       
[32mpolyfills.server.mjs[39m[2m | [22m[2mpolyfills.server[22m   [2m | [22m[36m233.48 kB[39m[2m | [22m                       
[32mchunk-YKIJMP5Z.mjs[39m  [2m | [22m[2m-[22m                  [2m | [22m [36m47.90 kB[39m[2m | [22m                       
[32mchunk-YS7QGB74.mjs[39m  [2m | [22m[2m-[22m                  [2m | [22m [36m47.83 kB[39m[2m | [22m                       
[32mchunk-VOF5ADMN.mjs[39m  [2m | [22m[2m-[22m                  [2m | [22m [36m45.27 kB[39m[2m | [22m                       
[32mchunk-BAWTMAMK.mjs[39m  [2m | [22m[2m-[22m                  [2m | [22m [36m45.20 kB[39m[2m | [22m                       
[32mchunk-QPY3JXLK.mjs[39m  [2m | [22m[2m-[22m                  [2m | [22m [36m41.70 kB[39m[2m | [22m                       
[32mchunk-M5QPZDBQ.mjs[39m  [2m | [22m[2m-[22m                  [2m | [22m [36m41.63 kB[39m[2m | [22m                       
[32mchunk-FWNOKTA2.mjs[39m  [2m | [22m[2m-[22m                  [2m | [22m  [36m3.10 kB[39m[2m | [22m                       
[32mchunk-LMKB4Y4H.mjs[39m  [2m | [22m[2m-[22m                  [2m | [22m  [36m3.03 kB[39m[2m | [22m                       
[32mchunk-N232G5XG.mjs[39m  [2m | [22m[2m-[22m                  [2m | [22m  [36m1.49 kB[39m[2m | [22m                       
[32mchunk-T55IDOPT.mjs[39m  [2m | [22m[2m-[22m                  [2m | [22m[36m976 bytes[39m[2m | [22m                       
[32mchunk-ETD6DYUK.mjs[39m  [2m | [22m[2m-[22m                  [2m | [22m[36m177 bytes[39m[2m | [22m                       
[32mchunk-FYLBOTS6.mjs[39m  [2m | [22m[2m-[22m                  [2m | [22m[36m107 bytes[39m[2m | [22m                       

[1mLazy chunk files[22m    [2m | [22m[1mNames[22m              [2m | [22m [1mRaw size[22m
[32mchunk-SRIUJMDH.mjs[39m  [2m | [22m[2mpending-jobs-module[22m[2m | [22m [36m63.63 kB[39m[2m | [22m                       
[32mchunk-TGFCGCPA.mjs[39m  [2m | [22m[2mpending-jobs-module[22m[2m | [22m [36m63.56 kB[39m[2m | [22m                       
[32mchunk-TAXTYHWN.mjs[39m  [2m | [22m[2mprofile-module[22m     [2m | [22m [36m29.32 kB[39m[2m | [22m                       
[32mchunk-Z3Y6JB3T.mjs[39m  [2m | [22m[2mprofile-module[22m     [2m | [22m [36m29.25 kB[39m[2m | [22m                       
[32mchunk-D6JYFUEB.mjs[39m  [2m | [22m[2mpost-job-module[22m    [2m | [22m [36m24.40 kB[39m[2m | [22m                       
[32mchunk-XEK3LTCH.mjs[39m  [2m | [22m[2mpost-job-module[22m    [2m | [22m [36m24.33 kB[39m[2m | [22m                       
[32mchunk-GABK5YGH.mjs[39m  [2m | [22m[2mauth-module[22m        [2m | [22m [36m22.34 kB[39m[2m | [22m                       
[32mchunk-NJQ37VUB.mjs[39m  [2m | [22m[2mauth-module[22m        [2m | [22m [36m22.27 kB[39m[2m | [22m                       
[32mchunk-IUMA53I2.mjs[39m  [2m | [22m[2mservices-module[22m    [2m | [22m [36m16.71 kB[39m[2m | [22m                       
[32mchunk-XCFQSGCI.mjs[39m  [2m | [22m[2mservices-module[22m    [2m | [22m [36m16.64 kB[39m[2m | [22m                       
[32mchunk-ZSFQ6XPI.mjs[39m  [2m | [22m[2mcontact-module[22m     [2m | [22m [36m14.45 kB[39m[2m | [22m                       
[32mchunk-UUQFDXW4.mjs[39m  [2m | [22m[2mcontact-module[22m     [2m | [22m [36m14.38 kB[39m[2m | [22m                       
[32mchunk-U3VUUEII.mjs[39m  [2m | [22m[2mxhr2[22m               [2m | [22m [36m12.15 kB[39m[2m | [22m                       
[32mchunk-QN7HHIJH.mjs[39m  [2m | [22m[2mxhr2[22m               [2m | [22m [36m12.08 kB[39m[2m | [22m                       
[32mchunk-IZ6YCQAN.mjs[39m  [2m | [22m[2mabout-module[22m       [2m | [22m [36m11.85 kB[39m[2m | [22m                       
[2m...and 7 more lazy chunks files. Use "--verbose" to show all the files.[22m

[35mPrerendered 15 static routes.[39m
Application bundle generation complete. [20.521 seconds]

[1m[33m[33mΓû▓ [43;33m[[43;30mWARNING[43;33m][0m [1mbundle initial exceeded maximum 
budget. Budget 500.00 kB was not met by 176.25 kB with a total of 676.25 kB.[0m


[33mΓû▓ [43;33m[[43;30mWARNING[43;33m][0m 
[1msrc/app/features/services/services/services.scss exceeded maximum budget. Budget 4.00 kB 
was not met by 1.86 kB with a total of 5.87 kB.[0m


[33mΓû▓ [43;33m[[43;30mWARNING[43;33m][0m [1msrc/app/features/about/about/about.scss 
exceeded maximum budget. Budget 4.00 kB was not met by 169 bytes with a total of 4.17 kB.[0m


[33mΓû▓ [43;33m[[43;30mWARNING[43;33m][0m [1msrc/app/features/post-job/post-job.scss 
exceeded maximum budget. Budget 4.00 kB was not met by 2.54 kB with a total of 6.54 kB.[0m


[33mΓû▓ [43;33m[[43;30mWARNING[43;33m][0m 
[1msrc/app/features/profile/profile/profile.scss exceeded maximum budget. Budget 4.00 kB 
was not met by 2.29 kB with a total of 6.29 kB.[0m


[33mΓû▓ [43;33m[[43;30mWARNING[43;33m][0m 
[1msrc/app/features/contact/contact/contact.scss exceeded maximum budget. Budget 4.00 kB 
was not met by 520 bytes with a total of 4.52 kB.[0m


[33mΓû▓ [43;33m[[43;30mWARNING[43;33m][0m 
[1msrc/app/features/pending-jobs/pending-jobs.scss exceeded maximum budget. Budget 4.00 kB 
was not met by 1.18 kB with a total of 5.18 kB.[0m

[39m[22m
Output location: C:\Mine\yProHubUI\prohub-ui\dist\prohub-ui

